Archive member included to satisfy reference by file (symbol)

c:/program files (x86)/microchip/xc8/v2.00/avr/bin/../lib/gcc/avr/5.4.0/avr25\libgcc.a(_divmodhi4.o)
                              build/default/production/main.o (__divmodhi4)
c:/program files (x86)/microchip/xc8/v2.00/avr/bin/../lib/gcc/avr/5.4.0/avr25\libgcc.a(_exit.o)
                              C:/Program Files (x86)/Microchip/MPLABX/v5.10/packs/Atmel/ATtiny_DFP/1.3.238/gcc/dev/attiny88/avr25/crtattiny88.o (exit)
c:/program files (x86)/microchip/xc8/v2.00/avr/bin/../lib/gcc/avr/5.4.0/avr25\libgcc.a(_copy_data.o)
                              build/default/production/main.o (__do_copy_data)
c:/program files (x86)/microchip/xc8/v2.00/avr/bin/../lib/gcc/avr/5.4.0/avr25\libgcc.a(_udivmodhi4.o)
                              c:/program files (x86)/microchip/xc8/v2.00/avr/bin/../lib/gcc/avr/5.4.0/avr25\libgcc.a(_divmodhi4.o) (__udivmodhi4)

Allocating common symbols
Common symbol       size              file

month               0x2               build/default/production/main.o
hour                0x2               build/default/production/main.o
min                 0x2               build/default/production/main.o
year                0x2               build/default/production/main.o
sec                 0x2               build/default/production/main.o
day                 0x2               build/default/production/main.o
daynum              0x2               build/default/production/main.o

Discarded input sections

 .data          0x00000000        0x0 C:/Program Files (x86)/Microchip/MPLABX/v5.10/packs/Atmel/ATtiny_DFP/1.3.238/gcc/dev/attiny88/avr25/crtattiny88.o
 .bss           0x00000000        0x0 C:/Program Files (x86)/Microchip/MPLABX/v5.10/packs/Atmel/ATtiny_DFP/1.3.238/gcc/dev/attiny88/avr25/crtattiny88.o
 .text          0x00000000        0x0 build/default/production/twimaster.o
 .data          0x00000000        0x0 build/default/production/twimaster.o
 .bss           0x00000000        0x0 build/default/production/twimaster.o
 .text          0x00000000        0x0 build/default/production/main.o
 .data          0x00000000        0x0 build/default/production/main.o
 .bss           0x00000000        0x0 build/default/production/main.o
 .text.Lcd8_Port
                0x00000000       0xd8 build/default/production/main.o
 .text.Lcd8_Cmd
                0x00000000       0x42 build/default/production/main.o
 .text.Lcd8_Clear
                0x00000000        0x6 build/default/production/main.o
 .text.Lcd8_Set_Cursor
                0x00000000       0x18 build/default/production/main.o
 .text.Lcd8_Init
                0x00000000       0x62 build/default/production/main.o
 .text.Lcd8_Write_Char
                0x00000000       0x42 build/default/production/main.o
 .text.Lcd8_Write_String
                0x00000000       0x1c build/default/production/main.o
 .text.Lcd8_Shift_Right
                0x00000000        0x6 build/default/production/main.o
 .text.Lcd8_Shift_Left
                0x00000000        0x6 build/default/production/main.o
 .text.Lcd4_Shift_Right
                0x00000000        0xa build/default/production/main.o
 .text.Lcd4_Shift_Left
                0x00000000        0xa build/default/production/main.o
 .text          0x00000000        0x0 c:/program files (x86)/microchip/xc8/v2.00/avr/bin/../lib/gcc/avr/5.4.0/avr25\libgcc.a(_divmodhi4.o)
 .data          0x00000000        0x0 c:/program files (x86)/microchip/xc8/v2.00/avr/bin/../lib/gcc/avr/5.4.0/avr25\libgcc.a(_divmodhi4.o)
 .bss           0x00000000        0x0 c:/program files (x86)/microchip/xc8/v2.00/avr/bin/../lib/gcc/avr/5.4.0/avr25\libgcc.a(_divmodhi4.o)
 .text.libgcc.mul
                0x00000000        0x0 c:/program files (x86)/microchip/xc8/v2.00/avr/bin/../lib/gcc/avr/5.4.0/avr25\libgcc.a(_divmodhi4.o)
 .text.libgcc   0x00000000        0x0 c:/program files (x86)/microchip/xc8/v2.00/avr/bin/../lib/gcc/avr/5.4.0/avr25\libgcc.a(_divmodhi4.o)
 .text.libgcc.prologue
                0x00000000        0x0 c:/program files (x86)/microchip/xc8/v2.00/avr/bin/../lib/gcc/avr/5.4.0/avr25\libgcc.a(_divmodhi4.o)
 .text.libgcc.builtins
                0x00000000        0x0 c:/program files (x86)/microchip/xc8/v2.00/avr/bin/../lib/gcc/avr/5.4.0/avr25\libgcc.a(_divmodhi4.o)
 .text.libgcc.fmul
                0x00000000        0x0 c:/program files (x86)/microchip/xc8/v2.00/avr/bin/../lib/gcc/avr/5.4.0/avr25\libgcc.a(_divmodhi4.o)
 .text.libgcc.fixed
                0x00000000        0x0 c:/program files (x86)/microchip/xc8/v2.00/avr/bin/../lib/gcc/avr/5.4.0/avr25\libgcc.a(_divmodhi4.o)
 .text          0x00000000        0x0 c:/program files (x86)/microchip/xc8/v2.00/avr/bin/../lib/gcc/avr/5.4.0/avr25\libgcc.a(_exit.o)
 .data          0x00000000        0x0 c:/program files (x86)/microchip/xc8/v2.00/avr/bin/../lib/gcc/avr/5.4.0/avr25\libgcc.a(_exit.o)
 .bss           0x00000000        0x0 c:/program files (x86)/microchip/xc8/v2.00/avr/bin/../lib/gcc/avr/5.4.0/avr25\libgcc.a(_exit.o)
 .text.libgcc.mul
                0x00000000        0x0 c:/program files (x86)/microchip/xc8/v2.00/avr/bin/../lib/gcc/avr/5.4.0/avr25\libgcc.a(_exit.o)
 .text.libgcc.div
                0x00000000        0x0 c:/program files (x86)/microchip/xc8/v2.00/avr/bin/../lib/gcc/avr/5.4.0/avr25\libgcc.a(_exit.o)
 .text.libgcc   0x00000000        0x0 c:/program files (x86)/microchip/xc8/v2.00/avr/bin/../lib/gcc/avr/5.4.0/avr25\libgcc.a(_exit.o)
 .text.libgcc.prologue
                0x00000000        0x0 c:/program files (x86)/microchip/xc8/v2.00/avr/bin/../lib/gcc/avr/5.4.0/avr25\libgcc.a(_exit.o)
 .text.libgcc.builtins
                0x00000000        0x0 c:/program files (x86)/microchip/xc8/v2.00/avr/bin/../lib/gcc/avr/5.4.0/avr25\libgcc.a(_exit.o)
 .text.libgcc.fmul
                0x00000000        0x0 c:/program files (x86)/microchip/xc8/v2.00/avr/bin/../lib/gcc/avr/5.4.0/avr25\libgcc.a(_exit.o)
 .text.libgcc.fixed
                0x00000000        0x0 c:/program files (x86)/microchip/xc8/v2.00/avr/bin/../lib/gcc/avr/5.4.0/avr25\libgcc.a(_exit.o)
 .text          0x00000000        0x0 c:/program files (x86)/microchip/xc8/v2.00/avr/bin/../lib/gcc/avr/5.4.0/avr25\libgcc.a(_copy_data.o)
 .data          0x00000000        0x0 c:/program files (x86)/microchip/xc8/v2.00/avr/bin/../lib/gcc/avr/5.4.0/avr25\libgcc.a(_copy_data.o)
 .bss           0x00000000        0x0 c:/program files (x86)/microchip/xc8/v2.00/avr/bin/../lib/gcc/avr/5.4.0/avr25\libgcc.a(_copy_data.o)
 .text.libgcc.mul
                0x00000000        0x0 c:/program files (x86)/microchip/xc8/v2.00/avr/bin/../lib/gcc/avr/5.4.0/avr25\libgcc.a(_copy_data.o)
 .text.libgcc.div
                0x00000000        0x0 c:/program files (x86)/microchip/xc8/v2.00/avr/bin/../lib/gcc/avr/5.4.0/avr25\libgcc.a(_copy_data.o)
 .text.libgcc   0x00000000        0x0 c:/program files (x86)/microchip/xc8/v2.00/avr/bin/../lib/gcc/avr/5.4.0/avr25\libgcc.a(_copy_data.o)
 .text.libgcc.prologue
                0x00000000        0x0 c:/program files (x86)/microchip/xc8/v2.00/avr/bin/../lib/gcc/avr/5.4.0/avr25\libgcc.a(_copy_data.o)
 .text.libgcc.builtins
                0x00000000        0x0 c:/program files (x86)/microchip/xc8/v2.00/avr/bin/../lib/gcc/avr/5.4.0/avr25\libgcc.a(_copy_data.o)
 .text.libgcc.fmul
                0x00000000        0x0 c:/program files (x86)/microchip/xc8/v2.00/avr/bin/../lib/gcc/avr/5.4.0/avr25\libgcc.a(_copy_data.o)
 .text.libgcc.fixed
                0x00000000        0x0 c:/program files (x86)/microchip/xc8/v2.00/avr/bin/../lib/gcc/avr/5.4.0/avr25\libgcc.a(_copy_data.o)
 .text          0x00000000        0x0 c:/program files (x86)/microchip/xc8/v2.00/avr/bin/../lib/gcc/avr/5.4.0/avr25\libgcc.a(_udivmodhi4.o)
 .data          0x00000000        0x0 c:/program files (x86)/microchip/xc8/v2.00/avr/bin/../lib/gcc/avr/5.4.0/avr25\libgcc.a(_udivmodhi4.o)
 .bss           0x00000000        0x0 c:/program files (x86)/microchip/xc8/v2.00/avr/bin/../lib/gcc/avr/5.4.0/avr25\libgcc.a(_udivmodhi4.o)
 .text.libgcc.mul
                0x00000000        0x0 c:/program files (x86)/microchip/xc8/v2.00/avr/bin/../lib/gcc/avr/5.4.0/avr25\libgcc.a(_udivmodhi4.o)
 .text.libgcc   0x00000000        0x0 c:/program files (x86)/microchip/xc8/v2.00/avr/bin/../lib/gcc/avr/5.4.0/avr25\libgcc.a(_udivmodhi4.o)
 .text.libgcc.prologue
                0x00000000        0x0 c:/program files (x86)/microchip/xc8/v2.00/avr/bin/../lib/gcc/avr/5.4.0/avr25\libgcc.a(_udivmodhi4.o)
 .text.libgcc.builtins
                0x00000000        0x0 c:/program files (x86)/microchip/xc8/v2.00/avr/bin/../lib/gcc/avr/5.4.0/avr25\libgcc.a(_udivmodhi4.o)
 .text.libgcc.fmul
                0x00000000        0x0 c:/program files (x86)/microchip/xc8/v2.00/avr/bin/../lib/gcc/avr/5.4.0/avr25\libgcc.a(_udivmodhi4.o)
 .text.libgcc.fixed
                0x00000000        0x0 c:/program files (x86)/microchip/xc8/v2.00/avr/bin/../lib/gcc/avr/5.4.0/avr25\libgcc.a(_udivmodhi4.o)

Memory Configuration

Name             Origin             Length             Attributes
text             0x00000000         0x00002000         xr
data             0x00800100         0x00000200         rw !x
eeprom           0x00810000         0x00000040         rw !x
fuse             0x00820000         0x00000003         rw !x
lock             0x00830000         0x00000400         rw !x
signature        0x00840000         0x00000400         rw !x
user_signatures  0x00850000         0x00000400         rw !x
*default*        0x00000000         0xffffffff

Linker script and memory map

Address of section .data set to 0x800100
LOAD C:/Program Files (x86)/Microchip/MPLABX/v5.10/packs/Atmel/ATtiny_DFP/1.3.238/gcc/dev/attiny88/avr25/crtattiny88.o
                0x00000001                __MPLAB_BUILD = 0x1
LOAD build/default/production/twimaster.o
LOAD build/default/production/main.o
START GROUP
LOAD c:/program files (x86)/microchip/xc8/v2.00/avr/bin/../lib/gcc/avr/5.4.0/../../../../avr/lib/avr25\libm.a
END GROUP
START GROUP
LOAD c:/program files (x86)/microchip/xc8/v2.00/avr/bin/../lib/gcc/avr/5.4.0/avr25\libgcc.a
LOAD c:/program files (x86)/microchip/xc8/v2.00/avr/bin/../lib/gcc/avr/5.4.0/../../../../avr/lib/avr25\libm.a
LOAD c:/program files (x86)/microchip/xc8/v2.00/avr/bin/../lib/gcc/avr/5.4.0/../../../../avr/lib/avr25\libc.a
LOAD C:/Program Files (x86)/Microchip/MPLABX/v5.10/packs/Atmel/ATtiny_DFP/1.3.238/gcc/dev/attiny88/avr25\libattiny88.a
END GROUP
                [0x00002000]                __TEXT_REGION_LENGTH__ = DEFINED (__TEXT_REGION_LENGTH__)?__TEXT_REGION_LENGTH__:0x2000
                [0x00000200]                __DATA_REGION_LENGTH__ = DEFINED (__DATA_REGION_LENGTH__)?__DATA_REGION_LENGTH__:0xffa0
                [0x00000040]                __EEPROM_REGION_LENGTH__ = DEFINED (__EEPROM_REGION_LENGTH__)?__EEPROM_REGION_LENGTH__:0x10000
                [0x00000003]                __FUSE_REGION_LENGTH__ = DEFINED (__FUSE_REGION_LENGTH__)?__FUSE_REGION_LENGTH__:0x400
                0x00000400                __LOCK_REGION_LENGTH__ = DEFINED (__LOCK_REGION_LENGTH__)?__LOCK_REGION_LENGTH__:0x400
                0x00000400                __SIGNATURE_REGION_LENGTH__ = DEFINED (__SIGNATURE_REGION_LENGTH__)?__SIGNATURE_REGION_LENGTH__:0x400
                0x00000400                __USER_SIGNATURE_REGION_LENGTH__ = DEFINED (__USER_SIGNATURE_REGION_LENGTH__)?__USER_SIGNATURE_REGION_LENGTH__:0x400

.hash
 *(.hash)

.dynsym
 *(.dynsym)

.dynstr
 *(.dynstr)

.gnu.version
 *(.gnu.version)

.gnu.version_d
 *(.gnu.version_d)

.gnu.version_r
 *(.gnu.version_r)

.rel.init
 *(.rel.init)

.rela.init
 *(.rela.init)

.rel.text
 *(.rel.text)
 *(.rel.text.*)
 *(.rel.gnu.linkonce.t*)

.rela.text
 *(.rela.text)
 *(.rela.text.*)
 *(.rela.gnu.linkonce.t*)

.rel.fini
 *(.rel.fini)

.rela.fini
 *(.rela.fini)

.rel.rodata
 *(.rel.rodata)
 *(.rel.rodata.*)
 *(.rel.gnu.linkonce.r*)

.rela.rodata
 *(.rela.rodata)
 *(.rela.rodata.*)
 *(.rela.gnu.linkonce.r*)

.rel.data
 *(.rel.data)
 *(.rel.data.*)
 *(.rel.gnu.linkonce.d*)

.rela.data
 *(.rela.data)
 *(.rela.data.*)
 *(.rela.gnu.linkonce.d*)

.rel.ctors
 *(.rel.ctors)

.rela.ctors
 *(.rela.ctors)

.rel.dtors
 *(.rel.dtors)

.rela.dtors
 *(.rela.dtors)

.rel.got
 *(.rel.got)

.rela.got
 *(.rela.got)

.rel.bss
 *(.rel.bss)

.rela.bss
 *(.rela.bss)

.rel.plt
 *(.rel.plt)

.rela.plt
 *(.rela.plt)

.text           0x00000000       0xb8
 *(.vectors)
 .vectors       0x00000000       0x28 C:/Program Files (x86)/Microchip/MPLABX/v5.10/packs/Atmel/ATtiny_DFP/1.3.238/gcc/dev/attiny88/avr25/crtattiny88.o
                0x00000000                __vector_default
                0x00000000                __vectors
 *(.vectors)
 *(.progmem.gcc*)
 *(.dinit)
 .dinit         0x00000028       0x41 data_init
                0x0000006a                . = ALIGN (0x2)
 *fill*         0x00000069        0x1 
                0x0000006a                __trampolines_start = .
 *(.trampolines)
 .trampolines   0x0000006a        0x0 linker stubs
 *(.trampolines*)
                0x0000006a                __trampolines_end = .
 *libprintf_flt.a:*(.progmem.data)
 *libc.a:*(.progmem.data)
                0x0000006a                . = ALIGN (0x2)
 *(.jumptables)
 *(.jumptables*)
 *(.lowtext)
 *(.lowtext*)
                0x0000006a                __ctors_start = .
 *(.ctors)
                0x0000006a                __ctors_end = .
                0x0000006a                __dtors_start = .
 *(.dtors)
                0x0000006a                __dtors_end = .
 SORT(*)(.ctors)
 SORT(*)(.dtors)
 *(.init0)
 .init0         0x0000006a        0x0 C:/Program Files (x86)/Microchip/MPLABX/v5.10/packs/Atmel/ATtiny_DFP/1.3.238/gcc/dev/attiny88/avr25/crtattiny88.o
                0x0000006a                __init
 *(.init0)
 *(.init1)
 *(.init1)
 *(.init2)
 .init2         0x0000006a        0xc C:/Program Files (x86)/Microchip/MPLABX/v5.10/packs/Atmel/ATtiny_DFP/1.3.238/gcc/dev/attiny88/avr25/crtattiny88.o
 *(.init2)
 *(.init3)
 *(.init3)
 *(.init4)
 .init4         0x00000076       0x3a c:/program files (x86)/microchip/xc8/v2.00/avr/bin/../lib/gcc/avr/5.4.0/avr25\libgcc.a(_copy_data.o)
                0x00000076                __do_copy_data
 *(.init4)
 *(.init5)
 *(.init5)
 *(.init6)
 *(.init6)
 *(.init7)
 *(.init7)
 *(.init8)
 *(.init8)
 *(.init9)
 .init9         0x000000b0        0x4 C:/Program Files (x86)/Microchip/MPLABX/v5.10/packs/Atmel/ATtiny_DFP/1.3.238/gcc/dev/attiny88/avr25/crtattiny88.o
 *(.init9)
                0x000000b4                . = ALIGN (0x2)
 *(.fini9)
 .fini9         0x000000b4        0x0 c:/program files (x86)/microchip/xc8/v2.00/avr/bin/../lib/gcc/avr/5.4.0/avr25\libgcc.a(_exit.o)
                0x000000b4                _exit
                0x000000b4                exit
 *(.fini9)
 *(.fini8)
 *(.fini8)
 *(.fini7)
 *(.fini7)
 *(.fini6)
 *(.fini6)
 *(.fini5)
 *(.fini5)
 *(.fini4)
 *(.fini4)
 *(.fini3)
 *(.fini3)
 *(.fini2)
 *(.fini2)
 *(.fini1)
 *(.fini1)
 *(.fini0)
 .fini0         0x000000b4        0x4 c:/program files (x86)/microchip/xc8/v2.00/avr/bin/../lib/gcc/avr/5.4.0/avr25\libgcc.a(_exit.o)
 *(.fini0)
                0x000000b8                _etext = .

.data           0x00800100        0x0 load address 0x000000b8
                [!provide]                PROVIDE (__data_start, .)
 *(.gnu.linkonce.d*)
 *(.gnu.linkonce.r*)
                0x00800100                . = ALIGN (0x2)
                0x00800100                _edata = .
                [!provide]                PROVIDE (__data_end, .)

.bss            0x00800100        0xe
                [!provide]                PROVIDE (__bss_start, .)
 *(COMMON)
 COMMON         0x00800100        0xe build/default/production/main.o
                0x00800100                month
                0x00800102                hour
                0x00800104                min
                0x00800106                year
                0x00800108                sec
                0x0080010a                day
                0x0080010c                daynum
                [!provide]                PROVIDE (__bss_end, .)
                0x000000b8                __data_load_start = LOADADDR (.data)
                0x000000b8                __data_load_end = (__data_load_start + SIZEOF (.data))

.noinit         0x0080010e        0x0
                [!provide]                PROVIDE (__noinit_start, .)
 *(.noinit*)
                [!provide]                PROVIDE (__noinit_end, .)
                0x0080010e                _end = .
                [!provide]                PROVIDE (__heap_start, .)

.eeprom         0x00810000        0x0
 *(.eeprom*)
                0x00810000                __eeprom_end = .

.fuse
 *(.fuse)
 *(.lfuse)
 *(.hfuse)
 *(.efuse)

.lock
 *(.lock*)

.signature
 *(.signature*)

.user_signatures
 *(.user_signatures*)

.stab
 *(.stab)

.stabstr
 *(.stabstr)

.stab.excl
 *(.stab.excl)

.stab.exclstr
 *(.stab.exclstr)

.stab.index
 *(.stab.index)

.stab.indexstr
 *(.stab.indexstr)

.comment        0x00000000       0x2e
 *(.comment)
 .comment       0x00000000       0x2e build/default/production/twimaster.o
                                 0x2f (size before relaxing)
 .comment       0x0000002e       0x2f build/default/production/main.o

.note.gnu.build-id
 *(.note.gnu.build-id)

.debug
 *(.debug)

.line
 *(.line)

.debug_srcinfo
 *(.debug_srcinfo)

.debug_sfnames
 *(.debug_sfnames)

.debug_aranges  0x00000000      0x190
 *(.debug_aranges)
 .debug_aranges
                0x00000000       0x58 build/default/production/twimaster.o
 .debug_aranges
                0x00000058      0x138 build/default/production/main.o

.debug_pubnames
 *(.debug_pubnames)

.debug_info     0x00000000     0x2a68
 *(.debug_info .gnu.linkonce.wi.*)
 .debug_info    0x00000000      0x576 C:/Program Files (x86)/Microchip/MPLABX/v5.10/packs/Atmel/ATtiny_DFP/1.3.238/gcc/dev/attiny88/avr25/crtattiny88.o
 .debug_info    0x00000576      0x366 build/default/production/twimaster.o
 .debug_info    0x000008dc     0x218c build/default/production/main.o

.debug_abbrev   0x00000000      0x846
 *(.debug_abbrev)
 .debug_abbrev  0x00000000      0x52b C:/Program Files (x86)/Microchip/MPLABX/v5.10/packs/Atmel/ATtiny_DFP/1.3.238/gcc/dev/attiny88/avr25/crtattiny88.o
 .debug_abbrev  0x0000052b       0xe9 build/default/production/twimaster.o
 .debug_abbrev  0x00000614      0x232 build/default/production/main.o

.debug_line     0x00000000     0x1409
 *(.debug_line .debug_line.* .debug_line_end)
 .debug_line    0x00000000      0x10f C:/Program Files (x86)/Microchip/MPLABX/v5.10/packs/Atmel/ATtiny_DFP/1.3.238/gcc/dev/attiny88/avr25/crtattiny88.o
 .debug_line    0x0000010f      0x2a0 build/default/production/twimaster.o
 .debug_line    0x000003af     0x105a build/default/production/main.o

.debug_frame    0x00000000      0x4dc
 *(.debug_frame)
 .debug_frame   0x00000000       0xa0 build/default/production/twimaster.o
 .debug_frame   0x000000a0      0x43c build/default/production/main.o

.debug_str      0x00000000      0x247
 *(.debug_str)
 .debug_str     0x00000000      0x1d9 C:/Program Files (x86)/Microchip/MPLABX/v5.10/packs/Atmel/ATtiny_DFP/1.3.238/gcc/dev/attiny88/avr25/crtattiny88.o
 .debug_str     0x000001d9        0x8 build/default/production/twimaster.o
 .debug_str     0x000001e1       0x66 build/default/production/main.o

.debug_loc      0x00000000      0xff8
 *(.debug_loc)
 .debug_loc     0x00000000       0xfe build/default/production/twimaster.o
 .debug_loc     0x000000fe      0xefa build/default/production/main.o

.debug_macinfo
 *(.debug_macinfo)

.debug_weaknames
 *(.debug_weaknames)

.debug_funcnames
 *(.debug_funcnames)

.debug_typenames
 *(.debug_typenames)

.debug_varnames
 *(.debug_varnames)

.debug_pubtypes
 *(.debug_pubtypes)

.debug_ranges   0x00000000      0x170
 *(.debug_ranges)
 .debug_ranges  0x00000000       0x48 build/default/production/twimaster.o
 .debug_ranges  0x00000048      0x128 build/default/production/main.o

.debug_macro
 *(.debug_macro)
OUTPUT(dist/default/production/Timer_Project.X.production.elf elf32-avr)
LOAD linker stubs
LOAD data_init

.text           0x000010da        0x2
 .text          0x000010da        0x2 C:/Program Files (x86)/Microchip/MPLABX/v5.10/packs/Atmel/ATtiny_DFP/1.3.238/gcc/dev/attiny88/avr25/crtattiny88.o
                0x000010da                __vector_12
                0x000010da                __bad_interrupt
                0x000010da                __vector_6
                0x000010da                __vector_3
                0x000010da                __vector_11
                0x000010da                __vector_13
                0x000010da                __vector_17
                0x000010da                __vector_19
                0x000010da                __vector_7
                0x000010da                __vector_5
                0x000010da                __vector_4
                0x000010da                __vector_9
                0x000010da                __vector_15
                0x000010da                __vector_8
                0x000010da                __vector_14
                0x000010da                __vector_10
                0x000010da                __vector_16
                0x000010da                __vector_18

.note.gnu.avr.deviceinfo
                0x00000000       0x3c
 .note.gnu.avr.deviceinfo
                0x00000000       0x3c C:/Program Files (x86)/Microchip/MPLABX/v5.10/packs/Atmel/ATtiny_DFP/1.3.238/gcc/dev/attiny88/avr25/crtattiny88.o

.text.i2c_init  0x000010a8        0xc
 .text.i2c_init
                0x000010a8        0xc build/default/production/twimaster.o
                0x000010a8                i2c_init

.text.i2c_start
                0x00000e5c       0x4e
 .text.i2c_start
                0x00000e5c       0x4e build/default/production/twimaster.o
                0x00000e5c                i2c_start

.text.i2c_start_wait
                0x00000dbc       0x50
 .text.i2c_start_wait
                0x00000dbc       0x50 build/default/production/twimaster.o
                0x00000dbc                i2c_start_wait

.text.i2c_rep_start
                0x000010d6        0x4
 .text.i2c_rep_start
                0x000010d6        0x4 build/default/production/twimaster.o
                0x000010d6                i2c_rep_start

.text.i2c_stop  0x00001086       0x12
 .text.i2c_stop
                0x00001086       0x12 build/default/production/twimaster.o
                0x00001086                i2c_stop

.text.i2c_write
                0x00000fe8       0x24
 .text.i2c_write
                0x00000fe8       0x24 build/default/production/twimaster.o
                0x00000fe8                i2c_write

.text.i2c_readAck
                0x0000105a       0x16
 .text.i2c_readAck
                0x0000105a       0x16 build/default/production/twimaster.o
                0x0000105a                i2c_readAck

.text.i2c_readNak
                0x00001070       0x16
 .text.i2c_readNak
                0x00001070       0x16 build/default/production/twimaster.o
                0x00001070                i2c_readNak

.text.pinChange
                0x000000b8      0x230
 .text.pinChange
                0x000000b8      0x230 build/default/production/main.o
                0x000000b8                pinChange

.text.Lcd4_Port
                0x00000c2c       0x70
 .text.Lcd4_Port
                0x00000c2c       0x70 build/default/production/main.o
                0x00000c2c                Lcd4_Port

.text.Lcd4_Cmd  0x00000ef8       0x42
 .text.Lcd4_Cmd
                0x00000ef8       0x42 build/default/production/main.o
                0x00000ef8                Lcd4_Cmd

.text.Lcd4_Clear
                0x000010cc        0xa
 .text.Lcd4_Clear
                0x000010cc        0xa build/default/production/main.o
                0x000010cc                Lcd4_Clear

.text.Lcd4_Set_Cursor
                0x00000f3a       0x32
 .text.Lcd4_Set_Cursor
                0x00000f3a       0x32 build/default/production/main.o
                0x00000f3a                Lcd4_Set_Cursor

.text.Lcd4_Init
                0x00000d6a       0x52
 .text.Lcd4_Init
                0x00000d6a       0x52 build/default/production/main.o
                0x00000d6a                Lcd4_Init

.text.Lcd4_Write_Char
                0x00000b3e       0x78
 .text.Lcd4_Write_Char
                0x00000b3e       0x78 build/default/production/main.o
                0x00000b3e                Lcd4_Write_Char

.text.Lcd4_Write_String
                0x0000100c       0x1c
 .text.Lcd4_Write_String
                0x0000100c       0x1c build/default/production/main.o
                0x0000100c                Lcd4_Write_String

.text.EEPROM_write
                0x00001098       0x10
 .text.EEPROM_write
                0x00001098       0x10 build/default/production/main.o
                0x00001098                EEPROM_write

.text.EEPROM_read
                0x000010b4        0xc
 .text.EEPROM_read
                0x000010b4        0xc build/default/production/main.o
                0x000010b4                EEPROM_read

.text.BCD_2_DEC
                0x00000f6c       0x2e
 .text.BCD_2_DEC
                0x00000f6c       0x2e build/default/production/main.o
                0x00000f6c                BCD_2_DEC

.text.DEC_2_BCD
                0x00001042       0x18
 .text.DEC_2_BCD
                0x00001042       0x18 build/default/production/main.o
                0x00001042                DEC_2_BCD

.text.Set_Rtc   0x00000d08       0x62
 .text.Set_Rtc  0x00000d08       0x62 build/default/production/main.o
                0x00000d08                Set_Rtc

.text.Update_From_Rtc
                0x000009a6       0xf6
 .text.Update_From_Rtc
                0x000009a6       0xf6 build/default/production/main.o
                0x000009a6                Update_From_Rtc

.text.Lcd_Main_Screen
                0x00001028       0x1a
 .text.Lcd_Main_Screen
                0x00001028       0x1a build/default/production/main.o
                0x00001028                Lcd_Main_Screen

.rodata         0x0080010e       0x39 load address 0x000010dc
 .rodata        0x0080010e       0x39 build/default/production/main.o

.text.Lcd_Timerset1
                0x000004ba      0x1a8
 .text.Lcd_Timerset1
                0x000004ba      0x1a8 build/default/production/main.o
                0x000004ba                Lcd_Timerset1

.text.Lcd_Timerset2
                0x00000662      0x1a8
 .text.Lcd_Timerset2
                0x00000662      0x1a8 build/default/production/main.o
                0x00000662                Lcd_Timerset2

.text.Timeset   0x0000080a      0x19c
 .text.Timeset  0x0000080a      0x19c build/default/production/main.o
                0x0000080a                Timeset

.text.calmaxdays
                0x00000c9c       0x6c
 .text.calmaxdays
                0x00000c9c       0x6c build/default/production/main.o
                0x00000c9c                calmaxdays

.text.Dateset   0x000002e8      0x1d2
 .text.Dateset  0x000002e8      0x1d2 build/default/production/main.o
                0x000002e8                Dateset

.text.Menu      0x000010c0        0xc
 .text.Menu     0x000010c0        0xc build/default/production/main.o
                0x000010c0                Menu

.text.checktimer
                0x00000a9c       0xa2
 .text.checktimer
                0x00000a9c       0xa2 build/default/production/main.o
                0x00000a9c                checktimer

.text.__vector_1
                0x00000e0c       0x50
 .text.__vector_1
                0x00000e0c       0x50 build/default/production/main.o
                0x00000e0c                __vector_1

.text.__vector_2
                0x00000eaa       0x4e
 .text.__vector_2
                0x00000eaa       0x4e build/default/production/main.o
                0x00000eaa                __vector_2

.text.main      0x00000bb6       0x76
 .text.main     0x00000bb6       0x76 build/default/production/main.o
                0x00000bb6                main

.bss.outval     0x00800167        0x2
 .bss.outval    0x00800167        0x2 build/default/production/main.o
                0x00800167                outval

.bss.timerstopmin
                0x00800169        0x2
 .bss.timerstopmin
                0x00800169        0x2 build/default/production/main.o
                0x00800169                timerstopmin

.bss.timerstophr
                0x0080016b        0x2
 .bss.timerstophr
                0x0080016b        0x2 build/default/production/main.o
                0x0080016b                timerstophr

.bss.timerstartmin
                0x0080016d        0x2
 .bss.timerstartmin
                0x0080016d        0x2 build/default/production/main.o
                0x0080016d                timerstartmin

.bss.timerstarthr
                0x0080016f        0x2
 .bss.timerstarthr
                0x0080016f        0x2 build/default/production/main.o
                0x0080016f                timerstarthr

.data.timerend  0x0080015b        0x6 load address 0x00001129
 .data.timerend
                0x0080015b        0x6 build/default/production/main.o
                0x0080015b                timerend

.data.timerbeg  0x00800161        0x6 load address 0x0000112f
 .data.timerbeg
                0x00800161        0x6 build/default/production/main.o
                0x00800161                timerbeg

.data.date      0x00800147        0xb load address 0x00001115
 .data.date     0x00800147        0xb build/default/production/main.o
                0x00800147                date

.data.time      0x00800152        0x9 load address 0x00001120
 .data.time     0x00800152        0x9 build/default/production/main.o
                0x00800152                time

.text.libgcc.div
                0x00000fc2       0x26
 .text.libgcc.div
                0x00000fc2       0x26 c:/program files (x86)/microchip/xc8/v2.00/avr/bin/../lib/gcc/avr/5.4.0/avr25\libgcc.a(_divmodhi4.o)
                0x00000fc2                _div
                0x00000fc2                __divmodhi4

.text.libgcc.div
                0x00000f9a       0x28
 .text.libgcc.div
                0x00000f9a       0x28 c:/program files (x86)/microchip/xc8/v2.00/avr/bin/../lib/gcc/avr/5.4.0/avr25\libgcc.a(_udivmodhi4.o)
                0x00000f9a                __udivmodhi4
